Archive member included to satisfy reference by file (symbol)

c:/program files (x86)/atmel/studio/7.0/toolchain/avr8/avr8-gnu-toolchain/bin/../lib/gcc/avr/5.4.0/avr5\libgcc.a(_udivmodhi4.o)
                              TMR_program.o (__udivmodhi4)
c:/program files (x86)/atmel/studio/7.0/toolchain/avr8/avr8-gnu-toolchain/bin/../lib/gcc/avr/5.4.0/avr5\libgcc.a(_udivmodsi4.o)
                              main.o (__udivmodsi4)
c:/program files (x86)/atmel/studio/7.0/toolchain/avr8/avr8-gnu-toolchain/bin/../lib/gcc/avr/5.4.0/avr5\libgcc.a(_exit.o)
                              C:/Program Files (x86)/Atmel/Studio/7.0/Packs/atmel/ATmega_DFP/1.7.374/gcc/dev/atmega32/avr5/crtatmega32.o (exit)
c:/program files (x86)/atmel/studio/7.0/toolchain/avr8/avr8-gnu-toolchain/bin/../lib/gcc/avr/5.4.0/avr5\libgcc.a(_tablejump2.o)
                              SSD_PROGRAM.o (__tablejump2__)
c:/program files (x86)/atmel/studio/7.0/toolchain/avr8/avr8-gnu-toolchain/bin/../lib/gcc/avr/5.4.0/avr5\libgcc.a(_copy_data.o)
                              main.o (__do_copy_data)
c:/program files (x86)/atmel/studio/7.0/toolchain/avr8/avr8-gnu-toolchain/bin/../lib/gcc/avr/5.4.0/avr5\libgcc.a(_clear_bss.o)
                              EXTI_program.o (__do_clear_bss)
c:/program files (x86)/atmel/studio/7.0/toolchain/avr8/avr8-gnu-toolchain/bin/../lib/gcc/avr/5.4.0/avr5\libgcc.a(_umulhisi3.o)
                              SSD_PROGRAM.o (__umulhisi3)
c:/program files (x86)/atmel/studio/7.0/toolchain/avr8/avr8-gnu-toolchain/bin/../lib/gcc/avr/5.4.0/avr5\libgcc.a(_muluhisi3.o)
                              LM35_PROGRAM.o (__muluhisi3)

Allocating common symbols
Common symbol       size              file

Number_Of_Presses   0x1               main.o
Sensor_temp         0x4               main.o
Temprature_Array    0xa               main.o
Down_Button_Pressed
                    0x1               main.o
Set_Mode            0x1               main.o
Enter_Set_Mode      0x1               main.o
Normal_mode         0x1               main.o
Up_Button_Pressed   0x1               main.o

Discarded input sections

 .data          0x00000000        0x0 C:/Program Files (x86)/Atmel/Studio/7.0/Packs/atmel/ATmega_DFP/1.7.374/gcc/dev/atmega32/avr5/crtatmega32.o
 .bss           0x00000000        0x0 C:/Program Files (x86)/Atmel/Studio/7.0/Packs/atmel/ATmega_DFP/1.7.374/gcc/dev/atmega32/avr5/crtatmega32.o
 .text          0x00000000        0x0 ADC_program.o
 .data          0x00000000        0x0 ADC_program.o
 .bss           0x00000000        0x0 ADC_program.o
 .text          0x00000000        0x0 DIO_program.o
 .data          0x00000000        0x0 DIO_program.o
 .bss           0x00000000        0x0 DIO_program.o
 .text.DIO_getPinValue
                0x00000000       0xa4 DIO_program.o
 .text.DIO_setInputPinResistance
                0x00000000       0x70 DIO_program.o
 .text.DIO_setPortDirection
                0x00000000       0x54 DIO_program.o
 .text.DIO_setPortValue
                0x00000000       0x24 DIO_program.o
 .text.DIO_getPortValue
                0x00000000       0x3a DIO_program.o
 .text.DIO_togglePortValue
                0x00000000       0x34 DIO_program.o
 .text.DIO_setInputPortResistance
                0x00000000       0x2c DIO_program.o
 .text          0x00000000        0x0 EEPROM_program.o
 .data          0x00000000        0x0 EEPROM_program.o
 .bss           0x00000000        0x0 EEPROM_program.o
 .text.EERPOM_INIT
                0x00000000       0x18 EEPROM_program.o
 .text.EEPROM_writeByte
                0x00000000       0x3c EEPROM_program.o
 .text.EEPROM_readByte
                0x00000000       0x4a EEPROM_program.o
 .debug_info    0x00000000      0x362 EEPROM_program.o
 .debug_abbrev  0x00000000      0x13f EEPROM_program.o
 .debug_loc     0x00000000      0x231 EEPROM_program.o
 .debug_aranges
                0x00000000       0x30 EEPROM_program.o
 .debug_ranges  0x00000000       0x20 EEPROM_program.o
 .debug_line    0x00000000      0x1d4 EEPROM_program.o
 .debug_str     0x00000000      0x310 EEPROM_program.o
 .comment       0x00000000       0x31 EEPROM_program.o
 .debug_frame   0x00000000       0x68 EEPROM_program.o
 .text          0x00000000        0x0 EXTI_program.o
 .data          0x00000000        0x0 EXTI_program.o
 .bss           0x00000000        0x0 EXTI_program.o
 .text.EXTI_disable
                0x00000000       0x24 EXTI_program.o
 .text.EXTI_INT2SetCallBack
                0x00000000        0xe EXTI_program.o
 .text          0x00000000        0x0 FAN_PROGRAM.o
 .data          0x00000000        0x0 FAN_PROGRAM.o
 .bss           0x00000000        0x0 FAN_PROGRAM.o
 .text.Fan_Read
                0x00000000       0x22 FAN_PROGRAM.o
 .text          0x00000000        0x0 GI_program.o
 .data          0x00000000        0x0 GI_program.o
 .bss           0x00000000        0x0 GI_program.o
 .text.GI_disable
                0x00000000        0x8 GI_program.o
 .text          0x00000000        0x0 HEATING_ELEMENT_PROGRAM.o
 .data          0x00000000        0x0 HEATING_ELEMENT_PROGRAM.o
 .bss           0x00000000        0x0 HEATING_ELEMENT_PROGRAM.o
 .text.HEATING_ELEMENT_TOGGLE
                0x00000000        0xa HEATING_ELEMENT_PROGRAM.o
 .text          0x00000000        0x0 I2C_PROGRAM.o
 .data          0x00000000        0x0 I2C_PROGRAM.o
 .bss           0x00000000        0x0 I2C_PROGRAM.o
 .text.I2C_initMaster
                0x00000000       0x1e I2C_PROGRAM.o
 .text.I2C_initSlave
                0x00000000       0x1c I2C_PROGRAM.o
 .text.I2C_Send_StartCondition
                0x00000000       0x1c I2C_PROGRAM.o
 .text.I2C_Repeated_StartCondition
                0x00000000       0x1c I2C_PROGRAM.o
 .text.I2C_Send_StopCondition
                0x00000000        0xe I2C_PROGRAM.o
 .text.I2C_Send_Slave_Address_Write
                0x00000000       0x26 I2C_PROGRAM.o
 .text.I2C_Send_Slave_Address_Read
                0x00000000       0x26 I2C_PROGRAM.o
 .text.I2C_SendMasterDataByte
                0x00000000       0x18 I2C_PROGRAM.o
 .text.I2C_ReadMasterDataByte
                0x00000000       0x20 I2C_PROGRAM.o
 .debug_info    0x00000000      0x1b8 I2C_PROGRAM.o
 .debug_abbrev  0x00000000       0x83 I2C_PROGRAM.o
 .debug_loc     0x00000000       0xb8 I2C_PROGRAM.o
 .debug_aranges
                0x00000000       0x60 I2C_PROGRAM.o
 .debug_ranges  0x00000000       0x50 I2C_PROGRAM.o
 .debug_line    0x00000000      0x219 I2C_PROGRAM.o
 .debug_str     0x00000000      0x2ad I2C_PROGRAM.o
 .comment       0x00000000       0x31 I2C_PROGRAM.o
 .debug_frame   0x00000000       0xa4 I2C_PROGRAM.o
 .text          0x00000000        0x0 LM35_PROGRAM.o
 .data          0x00000000        0x0 LM35_PROGRAM.o
 .bss           0x00000000        0x0 LM35_PROGRAM.o
 .text          0x00000000        0x0 main.o
 .data          0x00000000        0x0 main.o
 .bss           0x00000000        0x0 main.o
 .text.A_Get_Average_Last_10_Readings
                0x00000000       0xac main.o
 .bss.Local_U32_Sum
                0x00000000        0x4 main.o
 .bss.Local_U8_Counter
                0x00000000        0x1 main.o
 .bss.Temprature_Array_Counter
                0x00000000        0x1 main.o
 .bss.LM35_Reading
                0x00000000        0x1 main.o
 .text          0x00000000        0x0 SSD_PROGRAM.o
 .data          0x00000000        0x0 SSD_PROGRAM.o
 .bss           0x00000000        0x0 SSD_PROGRAM.o
 .text.SSD_BLINK
                0x00000000       0x28 SSD_PROGRAM.o
 .text          0x00000000        0x0 TMR_program.o
 .data          0x00000000        0x0 TMR_program.o
 .bss           0x00000000        0x0 TMR_program.o
 .text.TMR_timer0SetCompareMatchValue
                0x00000000        0x4 TMR_program.o
 .text.TMR_timer0_CTC_SetCallBack
                0x00000000        0xe TMR_program.o
 .text.TMR_timer1Init
                0x00000000       0x2e TMR_program.o
 .text.TMR_timer1start
                0x00000000       0x14 TMR_program.o
 .text.TMR_timer1stop
                0x00000000       0x14 TMR_program.o
 .text.TMR_timer1SetCompareMatchAValue
                0x00000000        0x6 TMR_program.o
 .text.TMR_ICU_init
                0x00000000       0x38 TMR_program.o
 .text.TMR_ICU_getTotalPeriod
                0x00000000       0x24 TMR_program.o
 .text.TMR_ICU_getDutyCycle
                0x00000000       0x26 TMR_program.o
 .text          0x00000000        0x0 c:/program files (x86)/atmel/studio/7.0/toolchain/avr8/avr8-gnu-toolchain/bin/../lib/gcc/avr/5.4.0/avr5\libgcc.a(_udivmodhi4.o)
 .data          0x00000000        0x0 c:/program files (x86)/atmel/studio/7.0/toolchain/avr8/avr8-gnu-toolchain/bin/../lib/gcc/avr/5.4.0/avr5\libgcc.a(_udivmodhi4.o)
 .bss           0x00000000        0x0 c:/program files (x86)/atmel/studio/7.0/toolchain/avr8/avr8-gnu-toolchain/bin/../lib/gcc/avr/5.4.0/avr5\libgcc.a(_udivmodhi4.o)
 .text.libgcc.mul
                0x00000000        0x0 c:/program files (x86)/atmel/studio/7.0/toolchain/avr8/avr8-gnu-toolchain/bin/../lib/gcc/avr/5.4.0/avr5\libgcc.a(_udivmodhi4.o)
 .text.libgcc.div
                0x00000000       0x28 c:/program files (x86)/atmel/studio/7.0/toolchain/avr8/avr8-gnu-toolchain/bin/../lib/gcc/avr/5.4.0/avr5\libgcc.a(_udivmodhi4.o)
 .text.libgcc   0x00000000        0x0 c:/program files (x86)/atmel/studio/7.0/toolchain/avr8/avr8-gnu-toolchain/bin/../lib/gcc/avr/5.4.0/avr5\libgcc.a(_udivmodhi4.o)
 .text.libgcc.prologue
                0x00000000        0x0 c:/program files (x86)/atmel/studio/7.0/toolchain/avr8/avr8-gnu-toolchain/bin/../lib/gcc/avr/5.4.0/avr5\libgcc.a(_udivmodhi4.o)
 .text.libgcc.builtins
                0x00000000        0x0 c:/program files (x86)/atmel/studio/7.0/toolchain/avr8/avr8-gnu-toolchain/bin/../lib/gcc/avr/5.4.0/avr5\libgcc.a(_udivmodhi4.o)
 .text.libgcc.fmul
                0x00000000        0x0 c:/program files (x86)/atmel/studio/7.0/toolchain/avr8/avr8-gnu-toolchain/bin/../lib/gcc/avr/5.4.0/avr5\libgcc.a(_udivmodhi4.o)
 .text.libgcc.fixed
                0x00000000        0x0 c:/program files (x86)/atmel/studio/7.0/toolchain/avr8/avr8-gnu-toolchain/bin/../lib/gcc/avr/5.4.0/avr5\libgcc.a(_udivmodhi4.o)
 .text          0x00000000        0x0 c:/program files (x86)/atmel/studio/7.0/toolchain/avr8/avr8-gnu-toolchain/bin/../lib/gcc/avr/5.4.0/avr5\libgcc.a(_udivmodsi4.o)
 .data          0x00000000        0x0 c:/program files (x86)/atmel/studio/7.0/toolchain/avr8/avr8-gnu-toolchain/bin/../lib/gcc/avr/5.4.0/avr5\libgcc.a(_udivmodsi4.o)
 .bss           0x00000000        0x0 c:/program files (x86)/atmel/studio/7.0/toolchain/avr8/avr8-gnu-toolchain/bin/../lib/gcc/avr/5.4.0/avr5\libgcc.a(_udivmodsi4.o)
 .text.libgcc.mul
                0x00000000        0x0 c:/program files (x86)/atmel/studio/7.0/toolchain/avr8/avr8-gnu-toolchain/bin/../lib/gcc/avr/5.4.0/avr5\libgcc.a(_udivmodsi4.o)
 .text.libgcc.div
                0x00000000       0x44 c:/program files (x86)/atmel/studio/7.0/toolchain/avr8/avr8-gnu-toolchain/bin/../lib/gcc/avr/5.4.0/avr5\libgcc.a(_udivmodsi4.o)
 .text.libgcc   0x00000000        0x0 c:/program files (x86)/atmel/studio/7.0/toolchain/avr8/avr8-gnu-toolchain/bin/../lib/gcc/avr/5.4.0/avr5\libgcc.a(_udivmodsi4.o)
 .text.libgcc.prologue
                0x00000000        0x0 c:/program files (x86)/atmel/studio/7.0/toolchain/avr8/avr8-gnu-toolchain/bin/../lib/gcc/avr/5.4.0/avr5\libgcc.a(_udivmodsi4.o)
 .text.libgcc.builtins
                0x00000000        0x0 c:/program files (x86)/atmel/studio/7.0/toolchain/avr8/avr8-gnu-toolchain/bin/../lib/gcc/avr/5.4.0/avr5\libgcc.a(_udivmodsi4.o)
 .text.libgcc.fmul
                0x00000000        0x0 c:/program files (x86)/atmel/studio/7.0/toolchain/avr8/avr8-gnu-toolchain/bin/../lib/gcc/avr/5.4.0/avr5\libgcc.a(_udivmodsi4.o)
 .text.libgcc.fixed
                0x00000000        0x0 c:/program files (x86)/atmel/studio/7.0/toolchain/avr8/avr8-gnu-toolchain/bin/../lib/gcc/avr/5.4.0/avr5\libgcc.a(_udivmodsi4.o)
 .text          0x00000000        0x0 c:/program files (x86)/atmel/studio/7.0/toolchain/avr8/avr8-gnu-toolchain/bin/../lib/gcc/avr/5.4.0/avr5\libgcc.a(_exit.o)
 .data          0x00000000        0x0 c:/program files (x86)/atmel/studio/7.0/toolchain/avr8/avr8-gnu-toolchain/bin/../lib/gcc/avr/5.4.0/avr5\libgcc.a(_exit.o)
 .bss           0x00000000        0x0 c:/program files (x86)/atmel/studio/7.0/toolchain/avr8/avr8-gnu-toolchain/bin/../lib/gcc/avr/5.4.0/avr5\libgcc.a(_exit.o)
 .text.libgcc.mul
                0x00000000        0x0 c:/program files (x86)/atmel/studio/7.0/toolchain/avr8/avr8-gnu-toolchain/bin/../lib/gcc/avr/5.4.0/avr5\libgcc.a(_exit.o)
 .text.libgcc.div
                0x00000000        0x0 c:/program files (x86)/atmel/studio/7.0/toolchain/avr8/avr8-gnu-toolchain/bin/../lib/gcc/avr/5.4.0/avr5\libgcc.a(_exit.o)
 .text.libgcc   0x00000000        0x0 c:/program files (x86)/atmel/studio/7.0/toolchain/avr8/avr8-gnu-toolchain/bin/../lib/gcc/avr/5.4.0/avr5\libgcc.a(_exit.o)
 .text.libgcc.prologue
                0x00000000        0x0 c:/program files (x86)/atmel/studio/7.0/toolchain/avr8/avr8-gnu-toolchain/bin/../lib/gcc/avr/5.4.0/avr5\libgcc.a(_exit.o)
 .text.libgcc.builtins
                0x00000000        0x0 c:/program files (x86)/atmel/studio/7.0/toolchain/avr8/avr8-gnu-toolchain/bin/../lib/gcc/avr/5.4.0/avr5\libgcc.a(_exit.o)
 .text.libgcc.fmul
                0x00000000        0x0 c:/program files (x86)/atmel/studio/7.0/toolchain/avr8/avr8-gnu-toolchain/bin/../lib/gcc/avr/5.4.0/avr5\libgcc.a(_exit.o)
 .text.libgcc.fixed
                0x00000000        0x0 c:/program files (x86)/atmel/studio/7.0/toolchain/avr8/avr8-gnu-toolchain/bin/../lib/gcc/avr/5.4.0/avr5\libgcc.a(_exit.o)
 .text          0x00000000        0x0 c:/program files (x86)/atmel/studio/7.0/toolchain/avr8/avr8-gnu-toolchain/bin/../lib/gcc/avr/5.4.0/avr5\libgcc.a(_tablejump2.o)
 .data          0x00000000        0x0 c:/program files (x86)/atmel/studio/7.0/toolchain/avr8/avr8-gnu-toolchain/bin/../lib/gcc/avr/5.4.0/avr5\libgcc.a(_tablejump2.o)
 .bss           0x00000000        0x0 c:/program files (x86)/atmel/studio/7.0/toolchain/avr8/avr8-gnu-toolchain/bin/../lib/gcc/avr/5.4.0/avr5\libgcc.a(_tablejump2.o)
 .text.libgcc.mul
                0x00000000        0x0 c:/program files (x86)/atmel/studio/7.0/toolchain/avr8/avr8-gnu-toolchain/bin/../lib/gcc/avr/5.4.0/avr5\libgcc.a(_tablejump2.o)
 .text.libgcc.div
                0x00000000        0x0 c:/program files (x86)/atmel/studio/7.0/toolchain/avr8/avr8-gnu-toolchain/bin/../lib/gcc/avr/5.4.0/avr5\libgcc.a(_tablejump2.o)
 .text.libgcc.prologue
                0x00000000        0x0 c:/program files (x86)/atmel/studio/7.0/toolchain/avr8/avr8-gnu-toolchain/bin/../lib/gcc/avr/5.4.0/avr5\libgcc.a(_tablejump2.o)
 .text.libgcc.builtins
                0x00000000        0x0 c:/program files (x86)/atmel/studio/7.0/toolchain/avr8/avr8-gnu-toolchain/bin/../lib/gcc/avr/5.4.0/avr5\libgcc.a(_tablejump2.o)
 .text.libgcc.fmul
                0x00000000        0x0 c:/program files (x86)/atmel/studio/7.0/toolchain/avr8/avr8-gnu-toolchain/bin/../lib/gcc/avr/5.4.0/avr5\libgcc.a(_tablejump2.o)
 .text.libgcc.fixed
                0x00000000        0x0 c:/program files (x86)/atmel/studio/7.0/toolchain/avr8/avr8-gnu-toolchain/bin/../lib/gcc/avr/5.4.0/avr5\libgcc.a(_tablejump2.o)
 .text          0x00000000        0x0 c:/program files (x86)/atmel/studio/7.0/toolchain/avr8/avr8-gnu-toolchain/bin/../lib/gcc/avr/5.4.0/avr5\libgcc.a(_copy_data.o)
 .data          0x00000000        0x0 c:/program files (x86)/atmel/studio/7.0/toolchain/avr8/avr8-gnu-toolchain/bin/../lib/gcc/avr/5.4.0/avr5\libgcc.a(_copy_data.o)
 .bss           0x00000000        0x0 c:/program files (x86)/atmel/studio/7.0/toolchain/avr8/avr8-gnu-toolchain/bin/../lib/gcc/avr/5.4.0/avr5\libgcc.a(_copy_data.o)
 .text.libgcc.mul
                0x00000000        0x0 c:/program files (x86)/atmel/studio/7.0/toolchain/avr8/avr8-gnu-toolchain/bin/../lib/gcc/avr/5.4.0/avr5\libgcc.a(_copy_data.o)
 .text.libgcc.div
                0x00000000        0x0 c:/program files (x86)/atmel/studio/7.0/toolchain/avr8/avr8-gnu-toolchain/bin/../lib/gcc/avr/5.4.0/avr5\libgcc.a(_copy_data.o)
 .text.libgcc   0x00000000        0x0 c:/program files (x86)/atmel/studio/7.0/toolchain/avr8/avr8-gnu-toolchain/bin/../lib/gcc/avr/5.4.0/avr5\libgcc.a(_copy_data.o)
 .text.libgcc.prologue
                0x00000000        0x0 c:/program files (x86)/atmel/studio/7.0/toolchain/avr8/avr8-gnu-toolchain/bin/../lib/gcc/avr/5.4.0/avr5\libgcc.a(_copy_data.o)
 .text.libgcc.builtins
                0x00000000        0x0 c:/program files (x86)/atmel/studio/7.0/toolchain/avr8/avr8-gnu-toolchain/bin/../lib/gcc/avr/5.4.0/avr5\libgcc.a(_copy_data.o)
 .text.libgcc.fmul
                0x00000000        0x0 c:/program files (x86)/atmel/studio/7.0/toolchain/avr8/avr8-gnu-toolchain/bin/../lib/gcc/avr/5.4.0/avr5\libgcc.a(_copy_data.o)
 .text.libgcc.fixed
                0x00000000        0x0 c:/program files (x86)/atmel/studio/7.0/toolchain/avr8/avr8-gnu-toolchain/bin/../lib/gcc/avr/5.4.0/avr5\libgcc.a(_copy_data.o)
 .text          0x00000000        0x0 c:/program files (x86)/atmel/studio/7.0/toolchain/avr8/avr8-gnu-toolchain/bin/../lib/gcc/avr/5.4.0/avr5\libgcc.a(_clear_bss.o)
 .data          0x00000000        0x0 c:/program files (x86)/atmel/studio/7.0/toolchain/avr8/avr8-gnu-toolchain/bin/../lib/gcc/avr/5.4.0/avr5\libgcc.a(_clear_bss.o)
 .bss           0x00000000        0x0 c:/program files (x86)/atmel/studio/7.0/toolchain/avr8/avr8-gnu-toolchain/bin/../lib/gcc/avr/5.4.0/avr5\libgcc.a(_clear_bss.o)
 .text.libgcc.mul
                0x00000000        0x0 c:/program files (x86)/atmel/studio/7.0/toolchain/avr8/avr8-gnu-toolchain/bin/../lib/gcc/avr/5.4.0/avr5\libgcc.a(_clear_bss.o)
 .text.libgcc.div
                0x00000000        0x0 c:/program files (x86)/atmel/studio/7.0/toolchain/avr8/avr8-gnu-toolchain/bin/../lib/gcc/avr/5.4.0/avr5\libgcc.a(_clear_bss.o)
 .text.libgcc   0x00000000        0x0 c:/program files (x86)/atmel/studio/7.0/toolchain/avr8/avr8-gnu-toolchain/bin/../lib/gcc/avr/5.4.0/avr5\libgcc.a(_clear_bss.o)
 .text.libgcc.prologue
                0x00000000        0x0 c:/program files (x86)/atmel/studio/7.0/toolchain/avr8/avr8-gnu-toolchain/bin/../lib/gcc/avr/5.4.0/avr5\libgcc.a(_clear_bss.o)
 .text.libgcc.builtins
                0x00000000        0x0 c:/program files (x86)/atmel/studio/7.0/toolchain/avr8/avr8-gnu-toolchain/bin/../lib/gcc/avr/5.4.0/avr5\libgcc.a(_clear_bss.o)
 .text.libgcc.fmul
                0x00000000        0x0 c:/program files (x86)/atmel/studio/7.0/toolchain/avr8/avr8-gnu-toolchain/bin/../lib/gcc/avr/5.4.0/avr5\libgcc.a(_clear_bss.o)
 .text.libgcc.fixed
                0x00000000        0x0 c:/program files (x86)/atmel/studio/7.0/toolchain/avr8/avr8-gnu-toolchain/bin/../lib/gcc/avr/5.4.0/avr5\libgcc.a(_clear_bss.o)
 .text          0x00000000        0x0 c:/program files (x86)/atmel/studio/7.0/toolchain/avr8/avr8-gnu-toolchain/bin/../lib/gcc/avr/5.4.0/avr5\libgcc.a(_umulhisi3.o)
 .data          0x00000000        0x0 c:/program files (x86)/atmel/studio/7.0/toolchain/avr8/avr8-gnu-toolchain/bin/../lib/gcc/avr/5.4.0/avr5\libgcc.a(_umulhisi3.o)
 .bss           0x00000000        0x0 c:/program files (x86)/atmel/studio/7.0/toolchain/avr8/avr8-gnu-toolchain/bin/../lib/gcc/avr/5.4.0/avr5\libgcc.a(_umulhisi3.o)
 .text.libgcc.div
                0x00000000        0x0 c:/program files (x86)/atmel/studio/7.0/toolchain/avr8/avr8-gnu-toolchain/bin/../lib/gcc/avr/5.4.0/avr5\libgcc.a(_umulhisi3.o)
 .text.libgcc   0x00000000        0x0 c:/program files (x86)/atmel/studio/7.0/toolchain/avr8/avr8-gnu-toolchain/bin/../lib/gcc/avr/5.4.0/avr5\libgcc.a(_umulhisi3.o)
 .text.libgcc.prologue
                0x00000000        0x0 c:/program files (x86)/atmel/studio/7.0/toolchain/avr8/avr8-gnu-toolchain/bin/../lib/gcc/avr/5.4.0/avr5\libgcc.a(_umulhisi3.o)
 .text.libgcc.builtins
                0x00000000        0x0 c:/program files (x86)/atmel/studio/7.0/toolchain/avr8/avr8-gnu-toolchain/bin/../lib/gcc/avr/5.4.0/avr5\libgcc.a(_umulhisi3.o)
 .text.libgcc.fmul
                0x00000000        0x0 c:/program files (x86)/atmel/studio/7.0/toolchain/avr8/avr8-gnu-toolchain/bin/../lib/gcc/avr/5.4.0/avr5\libgcc.a(_umulhisi3.o)
 .text.libgcc.fixed
                0x00000000        0x0 c:/program files (x86)/atmel/studio/7.0/toolchain/avr8/avr8-gnu-toolchain/bin/../lib/gcc/avr/5.4.0/avr5\libgcc.a(_umulhisi3.o)
 .text          0x00000000        0x0 c:/program files (x86)/atmel/studio/7.0/toolchain/avr8/avr8-gnu-toolchain/bin/../lib/gcc/avr/5.4.0/avr5\libgcc.a(_muluhisi3.o)
 .data          0x00000000        0x0 c:/program files (x86)/atmel/studio/7.0/toolchain/avr8/avr8-gnu-toolchain/bin/../lib/gcc/avr/5.4.0/avr5\libgcc.a(_muluhisi3.o)
 .bss           0x00000000        0x0 c:/program files (x86)/atmel/studio/7.0/toolchain/avr8/avr8-gnu-toolchain/bin/../lib/gcc/avr/5.4.0/avr5\libgcc.a(_muluhisi3.o)
 .text.libgcc.div
                0x00000000        0x0 c:/program files (x86)/atmel/studio/7.0/toolchain/avr8/avr8-gnu-toolchain/bin/../lib/gcc/avr/5.4.0/avr5\libgcc.a(_muluhisi3.o)
 .text.libgcc   0x00000000        0x0 c:/program files (x86)/atmel/studio/7.0/toolchain/avr8/avr8-gnu-toolchain/bin/../lib/gcc/avr/5.4.0/avr5\libgcc.a(_muluhisi3.o)
 .text.libgcc.prologue
                0x00000000        0x0 c:/program files (x86)/atmel/studio/7.0/toolchain/avr8/avr8-gnu-toolchain/bin/../lib/gcc/avr/5.4.0/avr5\libgcc.a(_muluhisi3.o)
 .text.libgcc.builtins
                0x00000000        0x0 c:/program files (x86)/atmel/studio/7.0/toolchain/avr8/avr8-gnu-toolchain/bin/../lib/gcc/avr/5.4.0/avr5\libgcc.a(_muluhisi3.o)
 .text.libgcc.fmul
                0x00000000        0x0 c:/program files (x86)/atmel/studio/7.0/toolchain/avr8/avr8-gnu-toolchain/bin/../lib/gcc/avr/5.4.0/avr5\libgcc.a(_muluhisi3.o)
 .text.libgcc.fixed
                0x00000000        0x0 c:/program files (x86)/atmel/studio/7.0/toolchain/avr8/avr8-gnu-toolchain/bin/../lib/gcc/avr/5.4.0/avr5\libgcc.a(_muluhisi3.o)

Memory Configuration

Name             Origin             Length             Attributes
text             0x00000000         0x00008000         xr
data             0x00800060         0x00000800         rw !x
eeprom           0x00810000         0x00000400         rw !x
fuse             0x00820000         0x00000002         rw !x
lock             0x00830000         0x00000400         rw !x
signature        0x00840000         0x00000400         rw !x
user_signatures  0x00850000         0x00000400         rw !x
*default*        0x00000000         0xffffffff

Linker script and memory map

LOAD C:/Program Files (x86)/Atmel/Studio/7.0/Packs/atmel/ATmega_DFP/1.7.374/gcc/dev/atmega32/avr5/crtatmega32.o
LOAD ADC_program.o
LOAD DIO_program.o
LOAD EEPROM_program.o
LOAD EXTI_program.o
LOAD FAN_PROGRAM.o
LOAD GI_program.o
LOAD HEATING_ELEMENT_PROGRAM.o
LOAD I2C_PROGRAM.o
LOAD LM35_PROGRAM.o
LOAD main.o
LOAD SSD_PROGRAM.o
LOAD TMR_program.o
START GROUP
LOAD c:/program files (x86)/atmel/studio/7.0/toolchain/avr8/avr8-gnu-toolchain/bin/../lib/gcc/avr/5.4.0/../../../../avr/lib/avr5\libm.a
END GROUP
START GROUP
LOAD c:/program files (x86)/atmel/studio/7.0/toolchain/avr8/avr8-gnu-toolchain/bin/../lib/gcc/avr/5.4.0/avr5\libgcc.a
LOAD c:/program files (x86)/atmel/studio/7.0/toolchain/avr8/avr8-gnu-toolchain/bin/../lib/gcc/avr/5.4.0/../../../../avr/lib/avr5\libm.a
LOAD c:/program files (x86)/atmel/studio/7.0/toolchain/avr8/avr8-gnu-toolchain/bin/../lib/gcc/avr/5.4.0/../../../../avr/lib/avr5\libc.a
LOAD C:/Program Files (x86)/Atmel/Studio/7.0/Packs/atmel/ATmega_DFP/1.7.374/gcc/dev/atmega32/avr5\libatmega32.a
END GROUP
                0x00000000                __TEXT_REGION_ORIGIN__ = DEFINED (__TEXT_REGION_ORIGIN__)?__TEXT_REGION_ORIGIN__:0x0
                [0x00800060]                __DATA_REGION_ORIGIN__ = DEFINED (__DATA_REGION_ORIGIN__)?__DATA_REGION_ORIGIN__:0x800060
                [0x00008000]                __TEXT_REGION_LENGTH__ = DEFINED (__TEXT_REGION_LENGTH__)?__TEXT_REGION_LENGTH__:0x20000
                [0x00000800]                __DATA_REGION_LENGTH__ = DEFINED (__DATA_REGION_LENGTH__)?__DATA_REGION_LENGTH__:0xffa0
                [0x00000400]                __EEPROM_REGION_LENGTH__ = DEFINED (__EEPROM_REGION_LENGTH__)?__EEPROM_REGION_LENGTH__:0x10000
                [0x00000002]                __FUSE_REGION_LENGTH__ = DEFINED (__FUSE_REGION_LENGTH__)?__FUSE_REGION_LENGTH__:0x400
                0x00000400                __LOCK_REGION_LENGTH__ = DEFINED (__LOCK_REGION_LENGTH__)?__LOCK_REGION_LENGTH__:0x400
                0x00000400                __SIGNATURE_REGION_LENGTH__ = DEFINED (__SIGNATURE_REGION_LENGTH__)?__SIGNATURE_REGION_LENGTH__:0x400
                0x00000400                __USER_SIGNATURE_REGION_LENGTH__ = DEFINED (__USER_SIGNATURE_REGION_LENGTH__)?__USER_SIGNATURE_REGION_LENGTH__:0x400

.hash
 *(.hash)

.dynsym
 *(.dynsym)

.dynstr
 *(.dynstr)

.gnu.version
 *(.gnu.version)

.gnu.version_d
 *(.gnu.version_d)

.gnu.version_r
 *(.gnu.version_r)

.rel.init
 *(.rel.init)

.rela.init
 *(.rela.init)

.rel.text
 *(.rel.text)
 *(.rel.text.*)
 *(.rel.gnu.linkonce.t*)

.rela.text
 *(.rela.text)
 *(.rela.text.*)
 *(.rela.gnu.linkonce.t*)

.rel.fini
 *(.rel.fini)

.rela.fini
 *(.rela.fini)

.rel.rodata
 *(.rel.rodata)
 *(.rel.rodata.*)
 *(.rel.gnu.linkonce.r*)

.rela.rodata
 *(.rela.rodata)
 *(.rela.rodata.*)
 *(.rela.gnu.linkonce.r*)

.rel.data
 *(.rel.data)
 *(.rel.data.*)
 *(.rel.gnu.linkonce.d*)

.rela.data
 *(.rela.data)
 *(.rela.data.*)
 *(.rela.gnu.linkonce.d*)

.rel.ctors
 *(.rel.ctors)

.rela.ctors
 *(.rela.ctors)

.rel.dtors
 *(.rel.dtors)

.rela.dtors
 *(.rela.dtors)

.rel.got
 *(.rel.got)

.rela.got
 *(.rela.got)

.rel.bss
 *(.rel.bss)

.rela.bss
 *(.rela.bss)

.rel.plt
 *(.rel.plt)

.rela.plt
 *(.rela.plt)

.text           0x00000000      0xe2a
 *(.vectors)
 .vectors       0x00000000       0x54 C:/Program Files (x86)/Atmel/Studio/7.0/Packs/atmel/ATmega_DFP/1.7.374/gcc/dev/atmega32/avr5/crtatmega32.o
                0x00000000                __vector_default
                0x00000000                __vectors
 *(.vectors)
 *(.progmem.gcc*)
 .progmem.gcc_sw_table.SSD_DigitDisplayTens
                0x00000054       0x14 SSD_PROGRAM.o
 .progmem.gcc_sw_table.SSD_DigitDisplayUnits
                0x00000068       0x14 SSD_PROGRAM.o
                0x0000007c                . = ALIGN (0x2)
                0x0000007c                __trampolines_start = .
 *(.trampolines)
 .trampolines   0x0000007c        0x0 linker stubs
 *(.trampolines*)
                0x0000007c                __trampolines_end = .
 *libprintf_flt.a:*(.progmem.data)
 *libc.a:*(.progmem.data)
 *(.progmem*)
                0x0000007c                . = ALIGN (0x2)
 *(.jumptables)
 *(.jumptables*)
 *(.lowtext)
 *(.lowtext*)
                0x0000007c                __ctors_start = .
 *(.ctors)
                0x0000007c                __ctors_end = .
                0x0000007c                __dtors_start = .
 *(.dtors)
                0x0000007c                __dtors_end = .
 SORT(*)(.ctors)
 SORT(*)(.dtors)
 *(.init0)
 .init0         0x0000007c        0x0 C:/Program Files (x86)/Atmel/Studio/7.0/Packs/atmel/ATmega_DFP/1.7.374/gcc/dev/atmega32/avr5/crtatmega32.o
                0x0000007c                __init
 *(.init0)
 *(.init1)
 *(.init1)
 *(.init2)
 .init2         0x0000007c        0xc C:/Program Files (x86)/Atmel/Studio/7.0/Packs/atmel/ATmega_DFP/1.7.374/gcc/dev/atmega32/avr5/crtatmega32.o
 *(.init2)
 *(.init3)
 *(.init3)
 *(.init4)
 .init4         0x00000088       0x16 c:/program files (x86)/atmel/studio/7.0/toolchain/avr8/avr8-gnu-toolchain/bin/../lib/gcc/avr/5.4.0/avr5\libgcc.a(_copy_data.o)
                0x00000088                __do_copy_data
 .init4         0x0000009e       0x10 c:/program files (x86)/atmel/studio/7.0/toolchain/avr8/avr8-gnu-toolchain/bin/../lib/gcc/avr/5.4.0/avr5\libgcc.a(_clear_bss.o)
                0x0000009e                __do_clear_bss
 *(.init4)
 *(.init5)
 *(.init5)
 *(.init6)
 *(.init6)
 *(.init7)
 *(.init7)
 *(.init8)
 *(.init8)
 *(.init9)
 .init9         0x000000ae        0x8 C:/Program Files (x86)/Atmel/Studio/7.0/Packs/atmel/ATmega_DFP/1.7.374/gcc/dev/atmega32/avr5/crtatmega32.o
 *(.init9)
 *(.text)
 .text          0x000000b6        0x4 C:/Program Files (x86)/Atmel/Studio/7.0/Packs/atmel/ATmega_DFP/1.7.374/gcc/dev/atmega32/avr5/crtatmega32.o
                0x000000b6                __vector_12
                0x000000b6                __bad_interrupt
                0x000000b6                __vector_13
                0x000000b6                __vector_17
                0x000000b6                __vector_19
                0x000000b6                __vector_7
                0x000000b6                __vector_5
                0x000000b6                __vector_4
                0x000000b6                __vector_9
                0x000000b6                __vector_15
                0x000000b6                __vector_8
                0x000000b6                __vector_14
                0x000000b6                __vector_16
                0x000000b6                __vector_18
                0x000000b6                __vector_20
                0x000000ba                . = ALIGN (0x2)
 *(.text.*)
 .text.ADC_init
                0x000000ba       0x32 ADC_program.o
                0x000000ba                ADC_init
 .text.ADC_getDigitalValue
                0x000000ec       0x3a ADC_program.o
                0x000000ec                ADC_getDigitalValue
 .text.DIO_setPinDirection
                0x00000126       0xec DIO_program.o
                0x00000126                DIO_setPinDirection
 .text.DIO_setPinValue
                0x00000212       0xec DIO_program.o
                0x00000212                DIO_setPinValue
 .text.DIO_togglePinValue
                0x000002fe       0x70 DIO_program.o
                0x000002fe                DIO_togglePinValue
 .text.EXTI_enable
                0x0000036e       0xc8 EXTI_program.o
                0x0000036e                EXTI_enable
 .text.EXTI_INT0SetCallBack
                0x00000436        0xe EXTI_program.o
                0x00000436                EXTI_INT0SetCallBack
 .text.EXTI_INT1SetCallBack
                0x00000444        0xe EXTI_program.o
                0x00000444                EXTI_INT1SetCallBack
 .text.__vector_1
                0x00000452       0x52 EXTI_program.o
                0x00000452                __vector_1
 .text.__vector_2
                0x000004a4       0x52 EXTI_program.o
                0x000004a4                __vector_2
 .text.__vector_3
                0x000004f6       0x52 EXTI_program.o
                0x000004f6                __vector_3
 .text.Fan_init
                0x00000548        0xc FAN_PROGRAM.o
                0x00000548                Fan_init
 .text.Fan_SET_ON
                0x00000554        0xc FAN_PROGRAM.o
                0x00000554                Fan_SET_ON
 .text.Fan_SET_OFF
                0x00000560        0xc FAN_PROGRAM.o
                0x00000560                Fan_SET_OFF
 .text.GI_enable
                0x0000056c        0x8 GI_program.o
                0x0000056c                GI_enable
 .text.HEATING_ELEMENT_INIT
                0x00000574        0xc HEATING_ELEMENT_PROGRAM.o
                0x00000574                HEATING_ELEMENT_INIT
 .text.HEATING_ELEMENT_START
                0x00000580        0xc HEATING_ELEMENT_PROGRAM.o
                0x00000580                HEATING_ELEMENT_START
 .text.HEATING_ELEMENT_STOP
                0x0000058c        0xc HEATING_ELEMENT_PROGRAM.o
                0x0000058c                HEATING_ELEMENT_STOP
 .text.LM35_Init
                0x00000598        0x6 LM35_PROGRAM.o
                0x00000598                LM35_Init
 .text.LM35_Read
                0x0000059e       0x4c LM35_PROGRAM.o
                0x0000059e                LM35_Read
 .text.OVF_Timer0
                0x000005ea        0xc main.o
                0x000005ea                OVF_Timer0
 .text.SitHigh  0x000005f6       0x1e main.o
                0x000005f6                SitHigh
 .text.SitLow   0x00000614       0x1e main.o
                0x00000614                SitLow
 .text.main     0x00000632      0x1b0 main.o
                0x00000632                main
 .text.SSD_DigitDisplayTens
                0x000007e2      0x1b8 SSD_PROGRAM.o
 .text.SSD_DigitDisplayUnits
                0x0000099a      0x1b8 SSD_PROGRAM.o
 .text.SSD_Init
                0x00000b52       0x66 SSD_PROGRAM.o
                0x00000b52                SSD_Init
 .text.SSD_WriteNumber
                0x00000bb8       0x5c SSD_PROGRAM.o
                0x00000bb8                SSD_WriteNumber
 .text.TMR_timer0Init
                0x00000c14       0x18 TMR_program.o
                0x00000c14                TMR_timer0Init
 .text.TMR_timer0start
                0x00000c2c       0x14 TMR_program.o
                0x00000c2c                TMR_timer0start
 .text.TMR_timer0stop
                0x00000c40       0x14 TMR_program.o
                0x00000c40                TMR_timer0stop
 .text.TMR_timer0_OVF_SetCallBack
                0x00000c54        0xe TMR_program.o
                0x00000c54                TMR_timer0_OVF_SetCallBack
 .text.__vector_11
                0x00000c62       0x76 TMR_program.o
                0x00000c62                __vector_11
 .text.__vector_10
                0x00000cd8       0x72 TMR_program.o
                0x00000cd8                __vector_10
 .text.__vector_6
                0x00000d4a       0x9c TMR_program.o
                0x00000d4a                __vector_6
 .text.libgcc   0x00000de6        0xc c:/program files (x86)/atmel/studio/7.0/toolchain/avr8/avr8-gnu-toolchain/bin/../lib/gcc/avr/5.4.0/avr5\libgcc.a(_tablejump2.o)
                0x00000de6                __tablejump2__
 .text.libgcc.mul
                0x00000df2       0x1e c:/program files (x86)/atmel/studio/7.0/toolchain/avr8/avr8-gnu-toolchain/bin/../lib/gcc/avr/5.4.0/avr5\libgcc.a(_umulhisi3.o)
                0x00000df2                __umulhisi3
 .text.libgcc.mul
                0x00000e10       0x16 c:/program files (x86)/atmel/studio/7.0/toolchain/avr8/avr8-gnu-toolchain/bin/../lib/gcc/avr/5.4.0/avr5\libgcc.a(_muluhisi3.o)
                0x00000e10                __muluhisi3
                0x00000e26                . = ALIGN (0x2)
 *(.fini9)
 .fini9         0x00000e26        0x0 c:/program files (x86)/atmel/studio/7.0/toolchain/avr8/avr8-gnu-toolchain/bin/../lib/gcc/avr/5.4.0/avr5\libgcc.a(_exit.o)
                0x00000e26                _exit
                0x00000e26                exit
 *(.fini9)
 *(.fini8)
 *(.fini8)
 *(.fini7)
 *(.fini7)
 *(.fini6)
 *(.fini6)
 *(.fini5)
 *(.fini5)
 *(.fini4)
 *(.fini4)
 *(.fini3)
 *(.fini3)
 *(.fini2)
 *(.fini2)
 *(.fini1)
 *(.fini1)
 *(.fini0)
 .fini0         0x00000e26        0x4 c:/program files (x86)/atmel/studio/7.0/toolchain/avr8/avr8-gnu-toolchain/bin/../lib/gcc/avr/5.4.0/avr5\libgcc.a(_exit.o)
 *(.fini0)
                0x00000e2a                _etext = .

.data           0x00800060        0x2 load address 0x00000e2a
                0x00800060                PROVIDE (__data_start, .)
 *(.data)
 *(.data*)
 .data.Set_Temprature
                0x00800060        0x1 main.o
                0x00800060                Set_Temprature
 *(.gnu.linkonce.d*)
 *(.rodata)
 *(.rodata*)
 *(.gnu.linkonce.r*)
                0x00800062                . = ALIGN (0x2)
 *fill*         0x00800061        0x1 
                0x00800062                _edata = .
                0x00800062                PROVIDE (__data_end, .)

.bss            0x00800062       0x2b
                0x00800062                PROVIDE (__bss_start, .)
 *(.bss)
 *(.bss*)
 .bss.INT2pCallBack
                0x00800062        0x2 EXTI_program.o
 .bss.INT1pCallBack
                0x00800064        0x2 EXTI_program.o
 .bss.INT0pCallBack
                0x00800066        0x2 EXTI_program.o
 .bss.oldValue.1672
                0x00800068        0x2 TMR_program.o
 .bss.flag.1671
                0x0080006a        0x1 TMR_program.o
 .bss.CounterValue.1673
                0x0080006b        0x2 TMR_program.o
 .bss.counterCTC.1644
                0x0080006d        0x2 TMR_program.o
 .bss.counterOVF.1638
                0x0080006f        0x2 TMR_program.o
 .bss.TMR_ICU_offPeriod
                0x00800071        0x2 TMR_program.o
 .bss.TMR_ICU_onPeriod
                0x00800073        0x2 TMR_program.o
 .bss.TMR_timer0_ctc_pCallBack
                0x00800075        0x2 TMR_program.o
 .bss.TMR_timer0_Ovf_pCallBack
                0x00800077        0x2 TMR_program.o
 *(COMMON)
 COMMON         0x00800079       0x14 main.o
                0x00800079                Number_Of_Presses
                0x0080007a                Sensor_temp
                0x0080007e                Temprature_Array
                0x00800088                Down_Button_Pressed
                0x00800089                Set_Mode
                0x0080008a                Enter_Set_Mode
                0x0080008b                Normal_mode
                0x0080008c                Up_Button_Pressed
                0x0080008d                PROVIDE (__bss_end, .)
                0x00000e2a                __data_load_start = LOADADDR (.data)
                0x00000e2c                __data_load_end = (__data_load_start + SIZEOF (.data))

.noinit         0x0080008d        0x0
                [!provide]                PROVIDE (__noinit_start, .)
 *(.noinit*)
                [!provide]                PROVIDE (__noinit_end, .)
                0x0080008d                _end = .
                [!provide]                PROVIDE (__heap_start, .)

.eeprom         0x00810000        0x0
 *(.eeprom*)
                0x00810000                __eeprom_end = .

.fuse
 *(.fuse)
 *(.lfuse)
 *(.hfuse)
 *(.efuse)

.lock
 *(.lock*)

.signature
 *(.signature*)

.user_signatures
 *(.user_signatures*)

.stab
 *(.stab)

.stabstr
 *(.stabstr)

.stab.excl
 *(.stab.excl)

.stab.exclstr
 *(.stab.exclstr)

.stab.index
 *(.stab.index)

.stab.indexstr
 *(.stab.indexstr)

.comment        0x00000000       0x30
 *(.comment)
 .comment       0x00000000       0x30 ADC_program.o
                                 0x31 (size before relaxing)
 .comment       0x00000030       0x31 DIO_program.o
 .comment       0x00000030       0x31 EXTI_program.o
 .comment       0x00000030       0x31 FAN_PROGRAM.o
 .comment       0x00000030       0x31 GI_program.o
 .comment       0x00000030       0x31 HEATING_ELEMENT_PROGRAM.o
 .comment       0x00000030       0x31 LM35_PROGRAM.o
 .comment       0x00000030       0x31 main.o
 .comment       0x00000030       0x31 SSD_PROGRAM.o
 .comment       0x00000030       0x31 TMR_program.o

.note.gnu.avr.deviceinfo
                0x00000000       0x3c
 .note.gnu.avr.deviceinfo
                0x00000000       0x3c C:/Program Files (x86)/Atmel/Studio/7.0/Packs/atmel/ATmega_DFP/1.7.374/gcc/dev/atmega32/avr5/crtatmega32.o

.note.gnu.build-id
 *(.note.gnu.build-id)

.debug
 *(.debug)

.line
 *(.line)

.debug_srcinfo
 *(.debug_srcinfo)

.debug_sfnames
 *(.debug_sfnames)

.debug_aranges  0x00000000      0x2c0
 *(.debug_aranges)
 .debug_aranges
                0x00000000       0x28 ADC_program.o
 .debug_aranges
                0x00000028       0x68 DIO_program.o
 .debug_aranges
                0x00000090       0x58 EXTI_program.o
 .debug_aranges
                0x000000e8       0x38 FAN_PROGRAM.o
 .debug_aranges
                0x00000120       0x28 GI_program.o
 .debug_aranges
                0x00000148       0x38 HEATING_ELEMENT_PROGRAM.o
 .debug_aranges
                0x00000180       0x28 LM35_PROGRAM.o
 .debug_aranges
                0x000001a8       0x40 main.o
 .debug_aranges
                0x000001e8       0x40 SSD_PROGRAM.o
 .debug_aranges
                0x00000228       0x98 TMR_program.o

.debug_pubnames
 *(.debug_pubnames)

.debug_info     0x00000000     0x24ea
 *(.debug_info .gnu.linkonce.wi.*)
 .debug_info    0x00000000      0x4e6 C:/Program Files (x86)/Atmel/Studio/7.0/Packs/atmel/ATmega_DFP/1.7.374/gcc/dev/atmega32/avr5/crtatmega32.o
 .debug_info    0x000004e6       0xda ADC_program.o
 .debug_info    0x000005c0      0x2b3 DIO_program.o
 .debug_info    0x00000873      0x22b EXTI_program.o
 .debug_info    0x00000a9e      0x18a FAN_PROGRAM.o
 .debug_info    0x00000c28       0x98 GI_program.o
 .debug_info    0x00000cc0      0x154 HEATING_ELEMENT_PROGRAM.o
 .debug_info    0x00000e14      0x120 LM35_PROGRAM.o
 .debug_info    0x00000f34      0x622 main.o
 .debug_info    0x00001556      0xc6f SSD_PROGRAM.o
 .debug_info    0x000021c5      0x325 TMR_program.o

.debug_abbrev   0x00000000      0xc73
 *(.debug_abbrev)
 .debug_abbrev  0x00000000      0x4a3 C:/Program Files (x86)/Atmel/Studio/7.0/Packs/atmel/ATmega_DFP/1.7.374/gcc/dev/atmega32/avr5/crtatmega32.o
 .debug_abbrev  0x000004a3       0x87 ADC_program.o
 .debug_abbrev  0x0000052a       0xbf DIO_program.o
 .debug_abbrev  0x000005e9       0xd1 EXTI_program.o
 .debug_abbrev  0x000006ba       0xab FAN_PROGRAM.o
 .debug_abbrev  0x00000765       0x46 GI_program.o
 .debug_abbrev  0x000007ab       0x64 HEATING_ELEMENT_PROGRAM.o
 .debug_abbrev  0x0000080f       0xb4 LM35_PROGRAM.o
 .debug_abbrev  0x000008c3      0x170 main.o
 .debug_abbrev  0x00000a33      0x159 SSD_PROGRAM.o
 .debug_abbrev  0x00000b8c       0xe7 TMR_program.o

.debug_line     0x00000000     0x152d
 *(.debug_line .debug_line.* .debug_line_end)
 .debug_line    0x00000000      0x116 C:/Program Files (x86)/Atmel/Studio/7.0/Packs/atmel/ATmega_DFP/1.7.374/gcc/dev/atmega32/avr5/crtatmega32.o
 .debug_line    0x00000116       0xc9 ADC_program.o
 .debug_line    0x000001df      0x3ee DIO_program.o
 .debug_line    0x000005cd      0x225 EXTI_program.o
 .debug_line    0x000007f2       0xb0 FAN_PROGRAM.o
 .debug_line    0x000008a2       0x6a GI_program.o
 .debug_line    0x0000090c       0xa7 HEATING_ELEMENT_PROGRAM.o
 .debug_line    0x000009b3       0x8b LM35_PROGRAM.o
 .debug_line    0x00000a3e      0x3ed main.o
 .debug_line    0x00000e2b      0x435 SSD_PROGRAM.o
 .debug_line    0x00001260      0x2cd TMR_program.o

.debug_frame    0x00000000      0x61c
 *(.debug_frame)
 .debug_frame   0x00000000       0x34 ADC_program.o
 .debug_frame   0x00000034       0xb4 DIO_program.o
 .debug_frame   0x000000e8      0x16c EXTI_program.o
 .debug_frame   0x00000254       0x64 FAN_PROGRAM.o
 .debug_frame   0x000002b8       0x34 GI_program.o
 .debug_frame   0x000002ec       0x54 HEATING_ELEMENT_PROGRAM.o
 .debug_frame   0x00000340       0x44 LM35_PROGRAM.o
 .debug_frame   0x00000384       0x64 main.o
 .debug_frame   0x000003e8       0x70 SSD_PROGRAM.o
 .debug_frame   0x00000458      0x1c4 TMR_program.o

.debug_str      0x00000000      0xacd
 *(.debug_str)
 .debug_str     0x00000000      0x196 C:/Program Files (x86)/Atmel/Studio/7.0/Packs/atmel/ATmega_DFP/1.7.374/gcc/dev/atmega32/avr5/crtatmega32.o
 .debug_str     0x00000196      0x191 ADC_program.o
                                0x1b8 (size before relaxing)
 .debug_str     0x00000327       0xe7 DIO_program.o
                                0x285 (size before relaxing)
 .debug_str     0x0000040e      0x15d EXTI_program.o
                                0x2cd (size before relaxing)
 .debug_str     0x0000056b       0x4c FAN_PROGRAM.o
                                0x1f0 (size before relaxing)
 .debug_str     0x000005b7       0x27 GI_program.o
                                0x197 (size before relaxing)
 .debug_str     0x000005de       0x76 HEATING_ELEMENT_PROGRAM.o
                                0x21d (size before relaxing)
 .debug_str     0x00000654       0x34 LM35_PROGRAM.o
                                0x1d3 (size before relaxing)
 .debug_str     0x00000688      0x24c main.o
                                0x4bf (size before relaxing)
 .debug_str     0x000008d4       0x4f SSD_PROGRAM.o
                                0x27d (size before relaxing)
 .debug_str     0x00000923      0x1aa TMR_program.o
                                0x363 (size before relaxing)

.debug_loc      0x00000000      0xeaa
 *(.debug_loc)
 .debug_loc     0x00000000       0x21 ADC_program.o
 .debug_loc     0x00000021      0x49f DIO_program.o
 .debug_loc     0x000004c0      0x3b6 EXTI_program.o
 .debug_loc     0x00000876       0x67 FAN_PROGRAM.o
 .debug_loc     0x000008dd       0x48 LM35_PROGRAM.o
 .debug_loc     0x00000925       0x48 main.o
 .debug_loc     0x0000096d      0x31c SSD_PROGRAM.o
 .debug_loc     0x00000c89      0x221 TMR_program.o

.debug_macinfo
 *(.debug_macinfo)

.debug_weaknames
 *(.debug_weaknames)

.debug_funcnames
 *(.debug_funcnames)

.debug_typenames
 *(.debug_typenames)

.debug_varnames
 *(.debug_varnames)

.debug_pubtypes
 *(.debug_pubtypes)

.debug_ranges   0x00000000      0x220
 *(.debug_ranges)
 .debug_ranges  0x00000000       0x18 ADC_program.o
 .debug_ranges  0x00000018       0x58 DIO_program.o
 .debug_ranges  0x00000070       0x48 EXTI_program.o
 .debug_ranges  0x000000b8       0x28 FAN_PROGRAM.o
 .debug_ranges  0x000000e0       0x18 GI_program.o
 .debug_ranges  0x000000f8       0x28 HEATING_ELEMENT_PROGRAM.o
 .debug_ranges  0x00000120       0x18 LM35_PROGRAM.o
 .debug_ranges  0x00000138       0x30 main.o
 .debug_ranges  0x00000168       0x30 SSD_PROGRAM.o
 .debug_ranges  0x00000198       0x88 TMR_program.o

.debug_macro
 *(.debug_macro)
OUTPUT(Electric_Heater_Project_Amit.elf elf32-avr)
LOAD linker stubs
